
> appwebingles@2.0.0 build
> next build

   Ôû▓ Next.js 16.0.10 (Turbopack)
   - Environments: .env

   Creating an optimized production build ...
 Ô£ô Compiled successfully in 12.3s
   Running TypeScript ...
node.exe : Failed to compile.
En línea: 1 Carácter: 1
+ & "C:\Program Files\nodejs/node.exe" 
"C:\Program Files\nodejs/node_mo ...
+ ~~~~~~~~~~~~~~~~~~~~~~~~~~~~~~~~~~~~~~
~~~~~~~~~~~~~~~~~~~~~~~~~~~~~~~
    + CategoryInfo          : NotSpecif 
   ied: (Failed to compile.:String) []  
  , RemoteException
    + FullyQualifiedErrorId : NativeCom 
   mandError
 

./src/components/features/gamification/R
ichTextEditor.tsx:368:39
Type error: Property 'getEl' does not 
exist on type 'RichTextEditorAction'.

[0m [90m 366 |[39m [32m            
</select>`[39m[33m,[39m
 [90m 367 |[39m             
result[33m:[39m (rte[33m,[39m 
action) [33m=>[39m {
[31m[1m>[22m[39m[90m 368 |[39m    
             [36mconst[39m select 
[33m=[39m action[33m.[39mgetEl()[33
m.[39mquerySelector([32m'select'[39m)
[33m;[39m
 [90m     |[39m                       
                [31m[1m^[22m[39m
 [90m 369 |[39m                 
[36mconst[39m value [33m=[39m 
select[33m.[39mvalue[33m;[39m
 [90m 370 |[39m                 
[36mconst[39m selection [33m=[39m 
rte[33m.[39mselection()[33m;[39m
 [90m 371 |[39m                 
[36mif[39m (selection) {[0m
Next.js build worker exited with code: 
1 and signal: null
