src/lib/games/gameLoader.utils.ts(6,110): error TS2307: Cannot find module '@/types/game.types' or its corresponding type declarations.
src/lib/games/gameLoader.utils.ts(340,155): error TS2307: Cannot find module '@/types/game.types' or its corresponding type declarations.
src/lib/games/GameSessionManager.ts(5,54): error TS2307: Cannot find module '@/types' or its corresponding type declarations.
src/lib/games/ImageMatchScene.ts(11,49): error TS2307: Cannot find module '@/types/game.types' or its corresponding type declarations.
src/lib/gamification/MissionEvaluator.ts(1,41): error TS2307: Cannot find module '@/types' or its corresponding type declarations.
